
> edubridge-temp@0.1.0 build
> next build

Γû▓ Next.js 16.2.1 (Turbopack)
- Environments: .env.local

  Creating an optimized production build ...
node.exe : 
At C:\Program 
Files\nodejs\npm.ps1:29 
char:3
+   & $NODE_EXE 
$NPM_CLI_JS $args
+   ~~~~~~~~~~~~~~~~~~~~~~
~~~~~~~
    + CategoryInfo        
      : NotSpecified: (:  
  String) [], RemoteExc   
 eption
    + FullyQualifiedError 
   Id : NativeCommandErr  
  or
 
> Build error occurred
Error: Turbopack build 
failed with 1 errors:
./proxy.ts
Proxy is missing expected 
function export name
This function is what 
Next.js runs for every 
request handled by this 
proxy (previously called 
middleware).

Why this happens:
- You are migrating from 
`middleware` to `proxy`, 
but haven't updated the 
exported function.
- The file exists but 
doesn't export a function.
- The export is not a 
function (e.g., an object 
or constant).
- There's a syntax error 
preventing the export 
from being recognized.

To fix it:
- Ensure this file has 
either a default or 
"proxy" function export.

Learn more: https://nextjs
.org/docs/messages/middlew
are-to-proxy


    at ignore-listed 
frames
