app/dashboard/student/classes/page.tsx(6,40): error TS2307: Cannot find module '@/components/ui/avatar' or its corresponding type declarations.
app/dashboard/student/messages/page.tsx(5,40): error TS2307: Cannot find module '@/components/ui/avatar' or its corresponding type declarations.
app/dashboard/student/tutors/page.tsx(6,40): error TS2307: Cannot find module '@/components/ui/avatar' or its corresponding type declarations.
app/dashboard/volunteer/messages/page.tsx(5,40): error TS2307: Cannot find module '@/components/ui/avatar' or its corresponding type declarations.
app/dashboard/volunteer/students/page.tsx(7,40): error TS2307: Cannot find module '@/components/ui/avatar' or its corresponding type declarations.
